
≡ƒö¼ Dataset: 92 piezas expandidas, tablero 2750├ù1830mm
   ├ürea total piezas: 20.242 m┬▓
   ├ürea tablero: 5.032 m┬▓
   Aprovechamiento m├¡nimo te├│rico (1 tab): 402.2%

ΓöÇΓöÇΓöÇΓöÇΓöÇΓöÇΓöÇΓöÇΓöÇΓöÇΓöÇΓöÇΓöÇΓöÇΓöÇΓöÇΓöÇΓöÇΓöÇΓöÇΓöÇΓöÇΓöÇΓöÇΓöÇΓöÇΓöÇΓöÇΓöÇΓöÇΓöÇΓöÇΓöÇΓöÇΓöÇΓöÇΓöÇΓöÇΓöÇΓöÇΓöÇΓöÇΓöÇΓöÇΓöÇΓöÇΓöÇΓöÇΓöÇΓöÇΓöÇΓöÇΓöÇΓöÇΓöÇΓöÇΓöÇΓöÇΓöÇΓöÇ
≡ƒôª A) Lepton Normal
ΓöÇΓöÇΓöÇΓöÇΓöÇΓöÇΓöÇΓöÇΓöÇΓöÇΓöÇΓöÇΓöÇΓöÇΓöÇΓöÇΓöÇΓöÇΓöÇΓöÇΓöÇΓöÇΓöÇΓöÇΓöÇΓöÇΓöÇΓöÇΓöÇΓöÇΓöÇΓöÇΓöÇΓöÇΓöÇΓöÇΓöÇΓöÇΓöÇΓöÇΓöÇΓöÇΓöÇΓöÇΓöÇΓöÇΓöÇΓöÇΓöÇΓöÇΓöÇΓöÇΓöÇΓöÇΓöÇΓöÇΓöÇΓöÇΓöÇΓöÇ
   Tableros: 6  |  Sin colocar: 0  |  Util total: 67.0%
   T1: 67.8% util | 4 piezas | 2 bandas | max-Y: 1783mm / 1830mm
      y=0: h=1590  piezas=[1870├ù1590]
      y=1593: h=190  piezas=[771├ù190, 771├ù190, 771├ù190]
   T2: 67.8% util | 4 piezas | 2 bandas | max-Y: 1783mm / 1830mm
      y=0: h=1590  piezas=[1870├ù1590]
      y=1593: h=190  piezas=[771├ù190, 771├ù190, 771├ù190]
   T3: 70.6% util | 13 piezas | 5 bandas | max-Y: 1759mm / 1830mm
      y=0: h=595  piezas=[763├ù595, 763├ù595, 763├ù595]
      y=598: h=595  piezas=[763├ù595, 743├ù300]
      y=901: h=280  piezas=[744├ù280]
      y=1196: h=400  piezas=[600├ù400, 600├ù400, 600├ù400, 600├ù400]
      y=1599: h=160  piezas=[717├ù160, 717├ù160, 717├ù160]
   T4: 69.7% util | 15 piezas | 5 bandas | max-Y: 1798mm / 1830mm
      y=0: h=385  piezas=[744├ù385, 744├ù385]
      y=388: h=382.5  piezas=[586├ù382.5, 586├ù382.5, 586├ù382.5, 586├ù382.5]
      y=774: h=350  piezas=[600├ù350, 600├ù350, 600├ù350, 600├ù350]
      y=1127: h=335  piezas=[744├ù335, 744├ù335]
      y=1465: h=333  piezas=[700├ù333, 700├ù333, 700├ù333]
   T5: 74.7% util | 21 piezas | 6 bandas | max-Y: 1776mm / 1830mm
      y=0: h=333  piezas=[700├ù333, 700├ù333, 700├ù333]
      y=336: h=333  piezas=[700├ù333, 700├ù333, 700├ù333]
      y=672: h=333  piezas=[700├ù333, 700├ù333, 700├ù333]
      y=1008: h=262  piezas=[335├ù262, 335├ù262, 335├ù262, 335├ù262, 335├ù262]
      y=1273: h=250  piezas=[736├ù250, 736├ù250, 736├ù250]
      y=1526: h=250  piezas=[736├ù250, 736├ù250, 606├ù250, 606├ù250]
   T6: 51.6% util | 35 piezas | 9 bandas | max-Y: 1323mm / 1830mm
      y=0: h=250  piezas=[300├ù250, 300├ù250, 300├ù250, 300├ù250, 300├ù250, 300├ù250]
      y=253: h=160  piezas=[717├ù160, 717├ù160, 717├ù160]
      y=416: h=160  piezas=[717├ù160, 717├ù160, 717├ù160]
      y=579: h=160  piezas=[717├ù160, 717├ù160, 717├ù160, 314├ù160]
      y=742: h=160  piezas=[314├ù160, 314├ù160, 314├ù160, 314├ù160, 314├ù160]
      y=905: h=109  piezas=[335├ù109, 335├ù109, 335├ù109, 335├ù109, 335├ù109, 335├ù109]
      y=1017: h=100  piezas=[744├ù100, 744├ù100, 744├ù100]
      y=1120: h=100  piezas=[744├ù100, 744├ù100, 744├ù100]
      y=1223: h=100  piezas=[744├ù100, 744├ù100]

ΓöÇΓöÇΓöÇΓöÇΓöÇΓöÇΓöÇΓöÇΓöÇΓöÇΓöÇΓöÇΓöÇΓöÇΓöÇΓöÇΓöÇΓöÇΓöÇΓöÇΓöÇΓöÇΓöÇΓöÇΓöÇΓöÇΓöÇΓöÇΓöÇΓöÇΓöÇΓöÇΓöÇΓöÇΓöÇΓöÇΓöÇΓöÇΓöÇΓöÇΓöÇΓöÇΓöÇΓöÇΓöÇΓöÇΓöÇΓöÇΓöÇΓöÇΓöÇΓöÇΓöÇΓöÇΓöÇΓöÇΓöÇΓöÇΓöÇΓöÇ
≡ƒôª B) HorizontalStrip Normal
ΓöÇΓöÇΓöÇΓöÇΓöÇΓöÇΓöÇΓöÇΓöÇΓöÇΓöÇΓöÇΓöÇΓöÇΓöÇΓöÇΓöÇΓöÇΓöÇΓöÇΓöÇΓöÇΓöÇΓöÇΓöÇΓöÇΓöÇΓöÇΓöÇΓöÇΓöÇΓöÇΓöÇΓöÇΓöÇΓöÇΓöÇΓöÇΓöÇΓöÇΓöÇΓöÇΓöÇΓöÇΓöÇΓöÇΓöÇΓöÇΓöÇΓöÇΓöÇΓöÇΓöÇΓöÇΓöÇΓöÇΓöÇΓöÇΓöÇΓöÇ
   Tableros: 5  |  Sin colocar: 0  |  Util total: 80.4%
   T1: 92.5% util | 8 piezas | 4 bandas | max-Y: 1783mm / 1830mm
      y=0: h=1590  piezas=[1870├ù1590, 763├ù595]
      y=598: h=595  piezas=[763├ù595]
      y=1196: h=385  piezas=[744├ù385]
      y=1593: h=190  piezas=[771├ù190, 771├ù190, 771├ù190, 314├ù160]
   T2: 92.5% util | 8 piezas | 4 bandas | max-Y: 1783mm / 1830mm
      y=0: h=1590  piezas=[1870├ù1590, 763├ù595]
      y=598: h=595  piezas=[763├ù595]
      y=1196: h=385  piezas=[744├ù385]
      y=1593: h=190  piezas=[771├ù190, 771├ù190, 771├ù190, 314├ù160]
   T3: 85.0% util | 20 piezas | 5 bandas | max-Y: 1813mm / 1830mm
      y=0: h=400  piezas=[600├ù400, 600├ù400, 600├ù400, 600├ù400]
      y=403: h=382.5  piezas=[586├ù382.5, 586├ù382.5, 586├ù382.5, 586├ù382.5]
      y=789: h=350  piezas=[600├ù350, 600├ù350, 600├ù350, 600├ù350]
      y=1142: h=335  piezas=[744├ù335, 744├ù335, 700├ù333]
      y=1480: h=333  piezas=[700├ù333, 700├ù333, 700├ù333, 300├ù250, 300├ù250]
   T4: 89.0% util | 32 piezas | 10 bandas | max-Y: 1794mm / 1830mm
      y=0: h=333  piezas=[700├ù333, 700├ù333, 700├ù333, 300├ù250, 300├ù250]
      y=336: h=333  piezas=[700├ù333, 700├ù333, 700├ù333, 335├ù109]
      y=448: h=109  piezas=[335├ù109]
      y=560: h=109  piezas=[335├ù109]
      y=672: h=333  piezas=[700├ù333, 700├ù333, 743├ù300, 335├ù109]
      y=784: h=109  piezas=[335├ù109]
      y=896: h=109  piezas=[335├ù109]
      y=1008: h=280  piezas=[744├ù280, 335├ù262, 335├ù262, 335├ù262, 335├ù262, 335├ù262, 300├ù250]
      y=1291: h=250  piezas=[736├ù250, 736├ù250, 736├ù250, 300├ù250]
      y=1544: h=250  piezas=[736├ù250, 736├ù250, 606├ù250, 606├ù250]
   T5: 43.2% util | 24 piezas | 7 bandas | max-Y: 958mm / 1830mm
      y=0: h=160  piezas=[717├ù160, 717├ù160, 717├ù160, 314├ù160]
      y=163: h=160  piezas=[717├ù160, 717├ù160, 717├ù160, 314├ù160]
      y=326: h=160  piezas=[717├ù160, 717├ù160, 717├ù160, 314├ù160]
      y=489: h=160  piezas=[717├ù160, 717├ù160, 717├ù160, 314├ù160]
      y=652: h=100  piezas=[744├ù100, 744├ù100, 744├ù100]
      y=755: h=100  piezas=[744├ù100, 744├ù100, 744├ù100]
      y=858: h=100  piezas=[744├ù100, 744├ù100]

ΓöÇΓöÇΓöÇΓöÇΓöÇΓöÇΓöÇΓöÇΓöÇΓöÇΓöÇΓöÇΓöÇΓöÇΓöÇΓöÇΓöÇΓöÇΓöÇΓöÇΓöÇΓöÇΓöÇΓöÇΓöÇΓöÇΓöÇΓöÇΓöÇΓöÇΓöÇΓöÇΓöÇΓöÇΓöÇΓöÇΓöÇΓöÇΓöÇΓöÇΓöÇΓöÇΓöÇΓöÇΓöÇΓöÇΓöÇΓöÇΓöÇΓöÇΓöÇΓöÇΓöÇΓöÇΓöÇΓöÇΓöÇΓöÇΓöÇΓöÇ
≡ƒôª C) Lepton Transpuesto (vertical columns)
ΓöÇΓöÇΓöÇΓöÇΓöÇΓöÇΓöÇΓöÇΓöÇΓöÇΓöÇΓöÇΓöÇΓöÇΓöÇΓöÇΓöÇΓöÇΓöÇΓöÇΓöÇΓöÇΓöÇΓöÇΓöÇΓöÇΓöÇΓöÇΓöÇΓöÇΓöÇΓöÇΓöÇΓöÇΓöÇΓöÇΓöÇΓöÇΓöÇΓöÇΓöÇΓöÇΓöÇΓöÇΓöÇΓöÇΓöÇΓöÇΓöÇΓöÇΓöÇΓöÇΓöÇΓöÇΓöÇΓöÇΓöÇΓöÇΓöÇΓöÇ
   Tableros: 4  |  Sin colocar: 2  |  Util total: 71.0%
   T1: 79.1% util | 13 piezas | 5 bandas | max-Y: 1806mm / 1830mm
      y=0: h=763  piezas=[595├ù763, 595├ù763, 400├ù600, 400├ù600, 385├ù744, 350├ù600]
      y=603: h=600  piezas=[400├ù600, 350├ù600]
      y=747: h=744  piezas=[385├ù744]
      y=766: h=763  piezas=[595├ù763, 595├ù763]
      y=1206: h=600  piezas=[400├ù600, 350├ù600]
   T2: 63.8% util | 14 piezas | 5 bandas | max-Y: 1764mm / 1830mm
      y=0: h=744  piezas=[382.5├ù586, 382.5├ù586, 350├ù600, 335├ù744, 333├ù700, 333├ù700, 333├ù700, 280├ù744]
      y=589: h=586  piezas=[382.5├ù586]
      y=703: h=700  piezas=[333├ù700, 333├ù700, 333├ù700]
      y=747: h=744  piezas=[335├ù744]
      y=1178: h=586  piezas=[382.5├ù586]
   T3: 75.8% util | 25 piezas | 12 bandas | max-Y: 1818mm / 1830mm
      y=0: h=743  piezas=[333├ù700, 333├ù700, 333├ù700, 300├ù743, 262├ù335, 250├ù736, 250├ù736, 250├ù736, 250├ù606, 160├ù717]
      y=338: h=335  piezas=[262├ù335]
      y=609: h=300  piezas=[250├ù300]
      y=676: h=335  piezas=[262├ù335]
      y=703: h=700  piezas=[333├ù700, 333├ù700, 333├ù700]
      y=720: h=717  piezas=[160├ù717]
      y=739: h=736  piezas=[250├ù736, 250├ù736, 250├ù606]
      y=912: h=300  piezas=[250├ù300]
      y=1014: h=335  piezas=[262├ù335]
      y=1215: h=300  piezas=[250├ù300]
      y=1352: h=335  piezas=[262├ù335]
      y=1518: h=300  piezas=[250├ù300]
   T4: 65.4% util | 38 piezas | 14 bandas | max-Y: 1754mm / 1830mm
      y=0: h=771  piezas=[250├ù300, 190├ù771, 190├ù771, 190├ù771, 160├ù717, 160├ù717, 160├ù717, 160├ù717, 160├ù717, 160├ù314, 109├ù335, 109├ù335, 100├ù744, 100├ù744, 100├ù744, 100├ù744]
      y=303: h=300  piezas=[250├ù300]
      y=317: h=314  piezas=[160├ù314]
      y=338: h=335  piezas=[109├ù335]
      y=634: h=314  piezas=[160├ù314]
      y=676: h=335  piezas=[109├ù335]
      y=720: h=717  piezas=[160├ù717, 160├ù717, 160├ù717, 160├ù717, 160├ù717]
      y=747: h=744  piezas=[100├ù744, 100├ù744, 100├ù744, 100├ù744]
      y=774: h=771  piezas=[190├ù771, 190├ù771, 190├ù771]
      y=951: h=314  piezas=[160├ù314]
      y=1014: h=335  piezas=[109├ù335]
      y=1268: h=314  piezas=[160├ù314]
      y=1352: h=335  piezas=[109├ù335]
      y=1440: h=314  piezas=[160├ù314]

ΓöÇΓöÇΓöÇΓöÇΓöÇΓöÇΓöÇΓöÇΓöÇΓöÇΓöÇΓöÇΓöÇΓöÇΓöÇΓöÇΓöÇΓöÇΓöÇΓöÇΓöÇΓöÇΓöÇΓöÇΓöÇΓöÇΓöÇΓöÇΓöÇΓöÇΓöÇΓöÇΓöÇΓöÇΓöÇΓöÇΓöÇΓöÇΓöÇΓöÇΓöÇΓöÇΓöÇΓöÇΓöÇΓöÇΓöÇΓöÇΓöÇΓöÇΓöÇΓöÇΓöÇΓöÇΓöÇΓöÇΓöÇΓöÇΓöÇΓöÇ
≡ƒôª D) HStrip Transpuesto
ΓöÇΓöÇΓöÇΓöÇΓöÇΓöÇΓöÇΓöÇΓöÇΓöÇΓöÇΓöÇΓöÇΓöÇΓöÇΓöÇΓöÇΓöÇΓöÇΓöÇΓöÇΓöÇΓöÇΓöÇΓöÇΓöÇΓöÇΓöÇΓöÇΓöÇΓöÇΓöÇΓöÇΓöÇΓöÇΓöÇΓöÇΓöÇΓöÇΓöÇΓöÇΓöÇΓöÇΓöÇΓöÇΓöÇΓöÇΓöÇΓöÇΓöÇΓöÇΓöÇΓöÇΓöÇΓöÇΓöÇΓöÇΓöÇΓöÇΓöÇ
   Tableros: 5  |  Sin colocar: 0  |  Util total: 80.4%
   T1: 85.9% util | 6 piezas | 4 bandas | max-Y: 1778mm / 1830mm
      y=0: h=1590  piezas=[1870├ù1590, 595├ù763, 250├ù736]
      y=739: h=736  piezas=[250├ù736]
      y=766: h=763  piezas=[595├ù763]
      y=1478: h=300  piezas=[250├ù300]
   T2: 85.9% util | 6 piezas | 4 bandas | max-Y: 1778mm / 1830mm
      y=0: h=1590  piezas=[1870├ù1590, 595├ù763, 250├ù736]
      y=739: h=736  piezas=[250├ù736]
      y=766: h=763  piezas=[595├ù763]
      y=1478: h=300  piezas=[250├ù300]
   T3: 82.5% util | 19 piezas | 6 bandas | max-Y: 1806mm / 1830mm
      y=0: h=744  piezas=[400├ù600, 400├ù600, 385├ù744, 382.5├ù586, 350├ù600, 350├ù600, 335├ù744, 100├ù744]
      y=589: h=586  piezas=[382.5├ù586]
      y=603: h=744  piezas=[400├ù600, 385├ù744, 350├ù600, 335├ù744]
      y=747: h=744  piezas=[382.5├ù586, 333├ù700, 100├ù744]
      y=1178: h=586  piezas=[382.5├ù586]
      y=1206: h=600  piezas=[400├ù600, 350├ù600]
   T4: 86.6% util | 29 piezas | 9 bandas | max-Y: 1758mm / 1830mm
      y=0: h=771  piezas=[333├ù700, 333├ù700, 333├ù700, 333├ù700, 333├ù700, 333├ù700, 280├ù744, 250├ù736, 190├ù771]
      y=703: h=743  piezas=[333├ù700, 333├ù700, 333├ù700, 333├ù700, 333├ù700, 300├ù743]
      y=739: h=606  piezas=[250├ù606]
      y=747: h=335  piezas=[262├ù335]
      y=774: h=771  piezas=[190├ù771]
      y=1085: h=335  piezas=[262├ù335]
      y=1348: h=300  piezas=[250├ù300]
      y=1406: h=335  piezas=[262├ù335, 262├ù335, 109├ù335, 109├ù335, 109├ù335, 109├ù335, 109├ù335, 109├ù335]
      y=1423: h=335  piezas=[262├ù335]
   T5: 61.3% util | 32 piezas | 8 bandas | max-Y: 1754mm / 1830mm
      y=0: h=771  piezas=[250├ù606, 190├ù771, 190├ù771, 160├ù717, 160├ù717, 160├ù717, 160├ù717, 160├ù717, 160├ù717, 100├ù744, 100├ù744, 100├ù744]
      y=609: h=300  piezas=[250├ù300]
      y=720: h=717  piezas=[160├ù717, 160├ù717, 160├ù717, 160├ù717, 160├ù717, 160├ù717]
      y=747: h=744  piezas=[100├ù744, 100├ù744, 100├ù744]
      y=774: h=771  piezas=[190├ù771, 190├ù771]
      y=912: h=300  piezas=[250├ù300]
      y=1215: h=300  piezas=[250├ù300]
      y=1440: h=314  piezas=[160├ù314, 160├ù314, 160├ù314, 160├ù314, 160├ù314, 160├ù314]

ΓöÇΓöÇΓöÇΓöÇΓöÇΓöÇΓöÇΓöÇΓöÇΓöÇΓöÇΓöÇΓöÇΓöÇΓöÇΓöÇΓöÇΓöÇΓöÇΓöÇΓöÇΓöÇΓöÇΓöÇΓöÇΓöÇΓöÇΓöÇΓöÇΓöÇΓöÇΓöÇΓöÇΓöÇΓöÇΓöÇΓöÇΓöÇΓöÇΓöÇΓöÇΓöÇΓöÇΓöÇΓöÇΓöÇΓöÇΓöÇΓöÇΓöÇΓöÇΓöÇΓöÇΓöÇΓöÇΓöÇΓöÇΓöÇΓöÇΓöÇ
≡ƒôª E) Lepton con Height-Snap (Fix 1 experimental)
ΓöÇΓöÇΓöÇΓöÇΓöÇΓöÇΓöÇΓöÇΓöÇΓöÇΓöÇΓöÇΓöÇΓöÇΓöÇΓöÇΓöÇΓöÇΓöÇΓöÇΓöÇΓöÇΓöÇΓöÇΓöÇΓöÇΓöÇΓöÇΓöÇΓöÇΓöÇΓöÇΓöÇΓöÇΓöÇΓöÇΓöÇΓöÇΓöÇΓöÇΓöÇΓöÇΓöÇΓöÇΓöÇΓöÇΓöÇΓöÇΓöÇΓöÇΓöÇΓöÇΓöÇΓöÇΓöÇΓöÇΓöÇΓöÇΓöÇΓöÇ
   Tableros: 6  |  Sin colocar: 0  |  Util total: 67.0%
   T1: 67.8% util | 4 piezas | 2 bandas | max-Y: 1783mm / 1830mm
      y=0: h=1590  piezas=[1870├ù1590]
      y=1593: h=190  piezas=[771├ù190, 771├ù190, 771├ù190]
   T2: 67.8% util | 4 piezas | 2 bandas | max-Y: 1783mm / 1830mm
      y=0: h=1590  piezas=[1870├ù1590]
      y=1593: h=190  piezas=[771├ù190, 771├ù190, 771├ù190]
   T3: 70.6% util | 13 piezas | 5 bandas | max-Y: 1759mm / 1830mm
      y=0: h=595  piezas=[763├ù595, 763├ù595, 763├ù595]
      y=598: h=595  piezas=[763├ù595, 743├ù300]
      y=901: h=280  piezas=[744├ù280]
      y=1196: h=400  piezas=[600├ù400, 600├ù400, 600├ù400, 600├ù400]
      y=1599: h=160  piezas=[717├ù160, 717├ù160, 717├ù160]
   T4: 74.2% util | 16 piezas | 5 bandas | max-Y: 1793mm / 1830mm
      y=0: h=382.5  piezas=[744├ù382.5, 744├ù382.5, 586├ù382.5, 586├ù382.5]
      y=386: h=382.5  piezas=[586├ù382.5, 586├ù382.5]
      y=771: h=350  piezas=[600├ù350, 600├ù350, 600├ù350, 600├ù350]
      y=1124: h=333  piezas=[744├ù333, 744├ù333, 700├ù333]
      y=1460: h=333  piezas=[700├ù333, 700├ù333, 700├ù333]
   T5: 70.0% util | 20 piezas | 6 bandas | max-Y: 1776mm / 1830mm
      y=0: h=333  piezas=[700├ù333, 700├ù333, 700├ù333]
      y=336: h=333  piezas=[700├ù333, 700├ù333, 700├ù333]
      y=672: h=333  piezas=[700├ù333, 700├ù333]
      y=1008: h=262  piezas=[333├ù262, 333├ù262, 333├ù262, 333├ù262, 333├ù262]
      y=1273: h=250  piezas=[736├ù250, 736├ù250, 736├ù250]
      y=1526: h=250  piezas=[736├ù250, 736├ù250, 606├ù250, 606├ù250]
   T6: 51.6% util | 35 piezas | 9 bandas | max-Y: 1323mm / 1830mm
      y=0: h=250  piezas=[300├ù250, 300├ù250, 300├ù250, 300├ù250, 300├ù250, 300├ù250]
      y=253: h=160  piezas=[717├ù160, 717├ù160, 717├ù160]
      y=416: h=160  piezas=[717├ù160, 717├ù160, 717├ù160]
      y=579: h=160  piezas=[717├ù160, 717├ù160, 717├ù160, 314├ù160]
      y=742: h=160  piezas=[314├ù160, 314├ù160, 314├ù160, 314├ù160, 314├ù160]
      y=905: h=109  piezas=[333├ù109, 333├ù109, 333├ù109, 333├ù109, 333├ù109, 333├ù109]
      y=1017: h=100  piezas=[744├ù100, 744├ù100, 744├ù100]
      y=1120: h=100  piezas=[744├ù100, 744├ù100, 744├ù100]
      y=1223: h=100  piezas=[744├ù100, 744├ù100]

ΓòÉΓòÉΓòÉΓòÉΓòÉΓòÉΓòÉΓòÉΓòÉΓòÉΓòÉΓòÉΓòÉΓòÉΓòÉΓòÉΓòÉΓòÉΓòÉΓòÉΓòÉΓòÉΓòÉΓòÉΓòÉΓòÉΓòÉΓòÉΓòÉΓòÉΓòÉΓòÉΓòÉΓòÉΓòÉΓòÉΓòÉΓòÉΓòÉΓòÉΓòÉΓòÉΓòÉΓòÉΓòÉΓòÉΓòÉΓòÉΓòÉΓòÉΓòÉΓòÉΓòÉΓòÉΓòÉΓòÉΓòÉΓòÉΓòÉΓòÉ
≡ƒôè RESUMEN COMPARATIVO
ΓòÉΓòÉΓòÉΓòÉΓòÉΓòÉΓòÉΓòÉΓòÉΓòÉΓòÉΓòÉΓòÉΓòÉΓòÉΓòÉΓòÉΓòÉΓòÉΓòÉΓòÉΓòÉΓòÉΓòÉΓòÉΓòÉΓòÉΓòÉΓòÉΓòÉΓòÉΓòÉΓòÉΓòÉΓòÉΓòÉΓòÉΓòÉΓòÉΓòÉΓòÉΓòÉΓòÉΓòÉΓòÉΓòÉΓòÉΓòÉΓòÉΓòÉΓòÉΓòÉΓòÉΓòÉΓòÉΓòÉΓòÉΓòÉΓòÉΓòÉ
  A) Lepton Normal               |  6 tabs |  67.0% util |  29 tiras | 0 sin colocar
  B) HStrip Normal               |  5 tabs |  80.4% util |  30 tiras | 0 sin colocar
  C) Lepton Transpuesto          |  4 tabs |  71.0% util |  36 tiras | 2 sin colocar
  D) HStrip Transpuesto          |  5 tabs |  80.4% util |  31 tiras | 0 sin colocar
  E) Lepton+HeightSnap           |  6 tabs |  67.0% util |  29 tiras | 0 sin colocar

Γ£à Tests completados.

